/usr/local/lib/python3.10/dist-packages/torchvision/io/image.py:13: UserWarning: Failed to load image Python extension: '/usr/local/lib/python3.10/dist-packages/torchvision/image.so: undefined symbol: _ZN3c1017RegisterOperatorsD1Ev'If you don't plan on using image functionality from `torchvision.io`, you can ignore this warning. Otherwise, there might be something wrong with your environment. Did you have `libjpeg` or `libpng` installed before building `torchvision` from source?
  warn(
/usr/local/lib/python3.10/dist-packages/torchvision/datapoints/__init__.py:14: UserWarning: The torchvision.datapoints and torchvision.transforms.v2 namespaces are still Beta. While we do not expect major breaking changes, some APIs may still change according to user feedback. Please submit any feedback you may have in this issue: https://github.com/pytorch/vision/issues/6753, and you can also check out https://github.com/pytorch/vision/issues/7319 to learn more about the APIs that we suspect might involve future changes. You can silence this warning by calling torchvision.disable_beta_transforms_warning().
  warnings.warn(_BETA_TRANSFORMS_WARNING)
/usr/local/lib/python3.10/dist-packages/torchvision/transforms/v2/__init__.py:64: UserWarning: The torchvision.datapoints and torchvision.transforms.v2 namespaces are still Beta. While we do not expect major breaking changes, some APIs may still change according to user feedback. Please submit any feedback you may have in this issue: https://github.com/pytorch/vision/issues/6753, and you can also check out https://github.com/pytorch/vision/issues/7319 to learn more about the APIs that we suspect might involve future changes. You can silence this warning by calling torchvision.disable_beta_transforms_warning().
  warnings.warn(_BETA_TRANSFORMS_WARNING)
`torch_dtype` is deprecated! Use `dtype` instead!
==================================================
QLoRA + TRL SFTTrainer 학습 시작
==================================================

토크나이저 로드 중: /workspace/models/models--skt--A.X-3.1-Light/snapshots/9b41bb2406472634d8812c0b8931fa40fa9a6c3a

모델 로드 중 (4bit 양자화): /workspace/models/models--skt--A.X-3.1-Light/snapshots/9b41bb2406472634d8812c0b8931fa40fa9a6c3a
Loading checkpoint shards:   0%|          | 0/3 [00:00<?, ?it/s]Loading checkpoint shards:  33%|███▎      | 1/3 [00:03<00:06,  3.40s/it]Loading checkpoint shards:  67%|██████▋   | 2/3 [00:07<00:03,  3.66s/it]Loading checkpoint shards: 100%|██████████| 3/3 [00:10<00:00,  3.35s/it]Loading checkpoint shards: 100%|██████████| 3/3 [00:10<00:00,  3.41s/it]

모델을 k-bit training에 맞게 준비 중...

LoRA 적용 중...
trainable params: 39,780,352 || all params: 7,304,581,120 || trainable%: 0.5446

데이터 로드 중: /workspace/data/3.개방데이터/1.데이터/Training/civil_law_instruct.jsonl
데이터 파일 읽기 시작: /workspace/data/3.개방데이터/1.데이터/Training/civil_law_instruct.jsonl
  처리 중: 10,000 줄 (10,000 유효)
  처리 중: 20,000 줄 (20,000 유효)
  처리 중: 30,000 줄 (30,000 유효)
  처리 중: 40,000 줄 (40,000 유효)
  처리 중: 50,000 줄 (50,000 유효)
  처리 중: 60,000 줄 (60,000 유효)
  처리 중: 70,000 줄 (70,000 유효)
  처리 중: 80,000 줄 (80,000 유효)

데이터 로딩 완료:
  전체: 80,104 줄
  유효: 80,104 샘플
Dataset 객체 생성 중...
Dataset 크기: 80,104

데이터 샘플 (첫 번째, 500자):
--------------------------------------------------
### 지시사항:
질의응답을 작성할 때, 예시, 법조문, 법조항 등을 제외하고, 관련된 핵심 정보를 포함하도록 작성함

### 질문:
계약상 채무자가 계약을 이행하지 않겠다는 의사를 분명히 표시한 경우, 채권자는 어떤 법적 조치를 취할 수 있나요?

### 답변:
계약상 채무자가 계약을 이행하지 않겠다는 의사를 명백히 표시하면, 채권자는 신의성실의 원칙에 따라 이행기 전이라도 이행의 최고 없이 계약을 해제하거나 손해배상을 청구할 수 있습니다. 이행거절의 여부는 계약 이행에 관한 당사자의 행동과 계약 전후의 구체적인 사정을 종합적으로 판단해야 합니다.
--------------------------------------------------

SFTTrainer 설정 중...
Traceback (most recent call last):
  File "/workspace/train_qlora_sft_v2.py", line 286, in <module>
    train()
  File "/workspace/train_qlora_sft_v2.py", line 258, in train
    trainer = SFTTrainer(
TypeError: SFTTrainer.__init__() got an unexpected keyword argument 'dataset_text_field'
